// Jest Snapshot v1, https://goo.gl/fbAQLP

exports[`TopCoins component testing 1`] = `
Array [
  <div
    className="search"
  >
    <div
      className="search-container"
    >
      <input
        id="search"
        onChange={[Function]}
        placeholder="ex: bitcoin"
        type="text"
        value=""
      />
    </div>
  </div>,
  <main
    className="top-coins"
  />,
]
`;
